// Jest Snapshot v1, https://goo.gl/fbAQLP

exports[`Claim should render claim GAS button as disabled 1`] = `
<div>
  <Tooltip
    disabled={false}
    title="You can claim GAS once every 5 minutes"
  >
    <Button
      cancel={false}
      disabled={true}
      id="claim"
      onClick={[Function]}
      primary={true}
      secondary={false}
    >
      Claim 
      1.25406935
       GAS
    </Button>
  </Tooltip>
</div>
`;

exports[`Claim should render claim GAS button as enabled 1`] = `
<div>
  <Tooltip
    disabled={true}
    title="You can claim GAS once every 5 minutes"
  >
    <Button
      cancel={false}
      disabled={false}
      id="claim"
      onClick={[Function]}
      primary={true}
      secondary={false}
    >
      Claim 
      1.25406935
       GAS
    </Button>
  </Tooltip>
</div>
`;
