// Jest Snapshot v1, https://goo.gl/fbAQLP

exports[`Login renders without crashing 1`] = `
<div
  className="flexContainer"
  id="loginPrivateKey"
>
  <form
    onSubmit={[Function]}
  >
    <PasswordInput
      autoFocus={true}
      onChange={[Function]}
      placeholder="Enter your private key here"
      value=""
    />
    <Button
      className="loginButtonMargin"
      disabled={true}
      id="loginButton"
      primary={true}
      renderIcon={[Function]}
      shouldCenterButtonLabelText={true}
      type="submit"
    >
      Login
    </Button>
  </form>
</div>
`;
