// Jest Snapshot v1, https://goo.gl/fbAQLP

exports[`ConfirmModal should render without crashing 1`] = `
<BaseModal
  height="450px"
  hideModal={[MockFunction]}
  shouldCloseWithEscapeKey={true}
  style={
    Object {
      "content": Object {
        "height": "250px",
        "width": "500px",
      },
    }
  }
  title="test modal"
  width="450px"
>
  <div
    className="textContainer"
  >
    <strong
      className="text"
    >
      text
    </strong>
  </div>
  <div
    className="modalFooter"
  >
    <Button
      className="actionButton"
      id="confirm"
      onClick={[Function]}
      primary={true}
      shouldCenterButtonLabelText={false}
      type="button"
    >
      Confirm
    </Button>
    <Button
      id="cancel"
      onClick={[Function]}
      primary={false}
      shouldCenterButtonLabelText={false}
      type="button"
    >
      Cancel
    </Button>
  </div>
</BaseModal>
`;
